{
  "moduleName": "App.MixProject",
  "uses": [
    "Mix.Project"
  ],
  "comments": {
    "single": [
      "# Run \"mix help compile.app\" to learn about applications.",
      "# Run \"mix help deps\" to learn about dependencies.",
      "# {:dep_from_hexpm, \"~> 0.3.0\"},",
      "# {:dep_from_git, git: \"https://github.com/elixir-lang/my_dep.git\", tag: \"0.1.0\"}"
    ],
    "multi": []
  },
  "defs": {
    "project": {
      "rawContent": "[\n      app: :app,\n      version: \"0.1.0\",\n      elixir: \"~> 1.13\",\n      start_permanent: Mix.env() == :prod,\n      deps: deps()\n    ]",
      "content": {
        "app": ":app",
        "version": "0.1.0",
        "elixir": "~>1.13",
        "start_permanent": "Mix.env()==:prod",
        "deps": "deps()"
      },
      "isPrivate": false
    },
    "application": {
      "rawContent": "[\n      extra_applications: [:logger]\n    ]",
      "content": {
        "extra_applications": ":logger"
      },
      "isPrivate": false
    },
    "deps": {
      "rawContent": "[\n      # {:dep_from_hexpm, \"~> 0.3.0\"},\n      # {:dep_from_git, git: \"https://github.com/elixir-lang/my_dep.git\", tag: \"0.1.0\"}\n    ]",
      "content": {},
      "isPrivate": true
    }
  }
}