{
  "moduleName": "Plausible.MixProject",
  "uses": [
    "Mix.Project"
  ],
  "comments": {
    "single": [
      "# Source: https://github.com/plausible/analytics/blob/master/mix.exs",
      "# Configuration for the OTP application.",
      "#\n  # Type `mix help compile.app` for more information.",
      "# Specifies which paths to compile per environment.",
      "# Specifies your project dependencies.",
      "#\n  # Type `mix help deps` for examples and options."
    ],
    "multi": []
  },
  "defs": {
    "project": {
      "rawContent": "[\n      name: \"Plausible\",\n      source_url: \"https://github.com/plausible/analytics\",\n      docs: docs(),\n      app: :plausible,\n      version: System.get_env(\"APP_VERSION\", \"0.0.1\"),\n      elixir: \"~> 1.11\",\n      elixirc_paths: elixirc_paths(Mix.env()),\n      compilers: [:phoenix] ++ Mix.compilers(),\n      start_permanent: Mix.env() == :prod,\n      aliases: aliases(),\n      deps: deps(),\n      test_coverage: [\n        tool: ExCoveralls\n      ],\n      releases: [\n        plausible: [\n          include_executables_for: [:unix],\n          applications: [plausible: :permanent],\n          steps: [:assemble, :tar]\n        ]\n      ],\n      dialyzer: [\n        plt_file: {:no_warn, \"priv/plts/dialyzer.plt\"},\n        plt_add_apps: [:mix, :ex_unit]\n      ]\n    ]",
      "content": {
        "name": "Plausible",
        "source_url": "https://github.com/plausible/analytics",
        "docs": "docs()",
        "app": ":plausible",
        "version": "System.get_env(APP_VERSION",
        "0.0.1)": "0.0.1)",
        "elixir": "~>1.11",
        "elixirc_paths": "elixirc_paths(Mix.env())",
        "compilers": ":phoenix++Mix.compilers()",
        "start_permanent": "Mix.env()==:prod",
        "aliases": "aliases()",
        "deps": "deps()",
        "test_coverage": "tool:ExCoveralls",
        "releases": "plausible:include_executables_for::unix",
        "applications": "plausible::permanent",
        "steps": ":assemble",
        ":tar": ":tar",
        "dialyzer": "plt_file::no_warn",
        "priv/plts/dialyzer.plt": "priv/plts/dialyzer.plt",
        "plt_add_apps": ":mix",
        ":ex_unit": ":ex_unit"
      },
      "isPrivate": false
    },
    "application": {
      "rawContent": "[\n      mod: {Plausible.Application, []},\n      extra_applications: [\n        :logger,\n        :runtime_tools,\n        :tls_certificate_check\n      ]\n    ]",
      "content": {
        "mod": "Plausible.Application",
        "extra_applications": ":logger",
        ":runtime_tools": ":runtime_tools",
        ":tls_certificate_check": ":tls_certificate_check"
      },
      "isPrivate": false
    },
    "elixirc_paths\\(:test\\)": {
      "rawContent": "[\"lib\", \"test/support\"]",
      "content": {
        "[\"lib\", \"test/support\"]": "[\"lib\", \"test/support\"]"
      },
      "isPrivate": true
    },
    "elixirc_paths\\(_\\)": {
      "rawContent": "[\"lib\"]",
      "content": {
        "[\"lib\"]": "[\"lib\"]"
      },
      "isPrivate": true
    },
    "deps": {
      "rawContent": "[\n      {:bamboo, \"~> 2.2\"},\n      {:bamboo_phoenix, \"~> 1.0.0\"},\n      {:bamboo_postmark, git: \"https://github.com/pablo-co/bamboo_postmark.git\", tag: \"master\"},\n      {:bamboo_smtp, \"~> 4.1\"},\n      {:bcrypt_elixir, \"~> 2.0\"},\n      {:bypass, \"~> 2.1\", only: [:dev, :test]},\n      {:cachex, \"~> 3.4\"},\n      {:clickhouse_ecto, git: \"https://github.com/plausible/clickhouse_ecto.git\"},\n      {:combination, \"~> 0.0.3\"},\n      {:connection, \"~> 1.1\", override: true},\n      {:cors_plug, \"~> 3.0\"},\n      {:credo, \"~> 1.5\", only: [:dev, :test], runtime: false},\n      {:csv, \"~> 2.3\"},\n      {:dialyxir, \"~> 1.0\", only: [:dev, :test], runtime: false},\n      {:double, \"~> 0.8.0\", only: :test},\n      {:ecto_sql, \"~> 3.0\"},\n      {:elixir_uuid, \"~> 1.2\", only: :test},\n      {:envy, \"~> 1.1.1\"},\n      {:ex_machina, \"~> 2.3\", only: :test},\n      {:excoveralls, \"~> 0.10\", only: :test},\n      {:exvcr, \"~> 0.11\", only: :test},\n      {:finch, \"~> 0.12.0\", override: true},\n      {:floki, \"~> 0.32.0\", only: :test},\n      {:fun_with_flags, \"~> 1.8.1\"},\n      {:fun_with_flags_ui, \"~> 0.8\"},\n      {:geolix, \"~> 2.0\"},\n      {:geolix_adapter_mmdb2, \"~> 0.6.0\"},\n      {:hackney, \"~> 1.8\"},\n      {:hammer, \"~> 6.0\"},\n      {:httpoison, \"~> 1.4\"},\n      {:jason, \"~> 1.3\"},\n      {:kaffy, \"~> 0.9.0\"},\n      {:location, git: \"https://github.com/plausible/location.git\"},\n      {:mimic, \"~> 1.7\", only: :test},\n      {:nanoid, \"~> 2.0.2\"},\n      {:oauther, \"~> 1.3\"},\n      {:oban, \"~> 2.11\"},\n      {:observer_cli, \"~> 1.7\"},\n      {:opentelemetry, \"~> 1.0\"},\n      {:opentelemetry_api, \"~> 1.0\"},\n      {:opentelemetry_ecto, \"~> 1.0.0\"},\n      {:opentelemetry_exporter, \"~> 1.0\"},\n      {:opentelemetry_phoenix, \"~> 1.0\"},\n      {:phoenix, \"~> 1.6.0\"},\n      {:phoenix_ecto, \"~> 4.0\"},\n      {:phoenix_html, \"~> 2.12\"},\n      {:phoenix_live_reload, \"~> 1.2\", only: :dev},\n      {:phoenix_pagination, \"~> 0.7.0\"},\n      {:phoenix_pubsub, \"~> 2.0\"},\n      {:php_serializer, \"~> 2.0\"},\n      {:plug, \"~> 1.13\", override: true},\n      {:plug_cowboy, \"~> 2.3\"},\n      {:prom_ex, \"~> 1.7.1\"},\n      {:public_suffix, git: \"https://github.com/axelson/publicsuffix-elixir\"},\n      {:ref_inspector, \"~> 1.3\"},\n      {:referrer_blocklist, git: \"https://github.com/plausible/referrer-blocklist.git\"},\n      {:sentry, \"~> 8.0\"},\n      {:siphash, \"~> 3.2\"},\n      {:telemetry, \"~> 1.0\", override: true},\n      {:timex, \"~> 3.7\"},\n      {:ua_inspector, \"~> 3.0\"},\n      {:ex_doc, \"~> 0.28\"}\n    ]",
      "content": {
        ":bamboo": ":bamboo",
        "~>2.2": "~>2.2",
        ":bamboo_phoenix": ":bamboo_phoenix",
        "~>1.0.0": "~>1.0.0",
        ":bamboo_postmark": ":bamboo_postmark",
        "git": "https://github.com/plausible/referrer-blocklist.git",
        "tag": "master",
        ":bamboo_smtp": ":bamboo_smtp",
        "~>4.1": "~>4.1",
        ":bcrypt_elixir": ":bcrypt_elixir",
        "~>2.0": "~>2.0",
        ":bypass": ":bypass",
        "~>2.1": "~>2.1",
        "only": ":dev",
        ":test": ":test",
        ":cachex": ":cachex",
        "~>3.4": "~>3.4",
        ":clickhouse_ecto": ":clickhouse_ecto",
        ":combination": ":combination",
        "~>0.0.3": "~>0.0.3",
        ":connection": ":connection",
        "~>1.1": "~>1.1",
        "override": "true",
        ":cors_plug": ":cors_plug",
        "~>3.0": "~>3.0",
        ":credo": ":credo",
        "~>1.5": "~>1.5",
        "runtime": "false",
        ":csv": ":csv",
        "~>2.3": "~>2.3",
        ":dialyxir": ":dialyxir",
        "~>1.0": "~>1.0",
        ":double": ":double",
        "~>0.8.0": "~>0.8.0",
        ":ecto_sql": ":ecto_sql",
        ":elixir_uuid": ":elixir_uuid",
        "~>1.2": "~>1.2",
        ":envy": ":envy",
        "~>1.1.1": "~>1.1.1",
        ":ex_machina": ":ex_machina",
        ":excoveralls": ":excoveralls",
        "~>0.10": "~>0.10",
        ":exvcr": ":exvcr",
        "~>0.11": "~>0.11",
        ":finch": ":finch",
        "~>0.12.0": "~>0.12.0",
        ":floki": ":floki",
        "~>0.32.0": "~>0.32.0",
        ":fun_with_flags": ":fun_with_flags",
        "~>1.8.1": "~>1.8.1",
        ":fun_with_flags_ui": ":fun_with_flags_ui",
        "~>0.8": "~>0.8",
        ":geolix": ":geolix",
        ":geolix_adapter_mmdb2": ":geolix_adapter_mmdb2",
        "~>0.6.0": "~>0.6.0",
        ":hackney": ":hackney",
        "~>1.8": "~>1.8",
        ":hammer": ":hammer",
        "~>6.0": "~>6.0",
        ":httpoison": ":httpoison",
        "~>1.4": "~>1.4",
        ":jason": ":jason",
        "~>1.3": "~>1.3",
        ":kaffy": ":kaffy",
        "~>0.9.0": "~>0.9.0",
        ":location": ":location",
        ":mimic": ":mimic",
        "~>1.7": "~>1.7",
        ":nanoid": ":nanoid",
        "~>2.0.2": "~>2.0.2",
        ":oauther": ":oauther",
        ":oban": ":oban",
        "~>2.11": "~>2.11",
        ":observer_cli": ":observer_cli",
        ":opentelemetry": ":opentelemetry",
        ":opentelemetry_api": ":opentelemetry_api",
        ":opentelemetry_ecto": ":opentelemetry_ecto",
        ":opentelemetry_exporter": ":opentelemetry_exporter",
        ":opentelemetry_phoenix": ":opentelemetry_phoenix",
        ":phoenix": ":phoenix",
        "~>1.6.0": "~>1.6.0",
        ":phoenix_ecto": ":phoenix_ecto",
        "~>4.0": "~>4.0",
        ":phoenix_html": ":phoenix_html",
        "~>2.12": "~>2.12",
        ":phoenix_live_reload": ":phoenix_live_reload",
        ":phoenix_pagination": ":phoenix_pagination",
        "~>0.7.0": "~>0.7.0",
        ":phoenix_pubsub": ":phoenix_pubsub",
        ":php_serializer": ":php_serializer",
        ":plug": ":plug",
        "~>1.13": "~>1.13",
        ":plug_cowboy": ":plug_cowboy",
        ":prom_ex": ":prom_ex",
        "~>1.7.1": "~>1.7.1",
        ":public_suffix": ":public_suffix",
        ":ref_inspector": ":ref_inspector",
        ":referrer_blocklist": ":referrer_blocklist",
        ":sentry": ":sentry",
        "~>8.0": "~>8.0",
        ":siphash": ":siphash",
        "~>3.2": "~>3.2",
        ":telemetry": ":telemetry",
        ":timex": ":timex",
        "~>3.7": "~>3.7",
        ":ua_inspector": ":ua_inspector",
        ":ex_doc": ":ex_doc",
        "~>0.28": "~>0.28"
      },
      "isPrivate": true
    },
    "aliases": {
      "rawContent": "[\n      \"ecto.setup\": [\"ecto.create\", \"ecto.migrate\", \"run priv/repo/seeds.exs\"],\n      \"ecto.reset\": [\"ecto.drop\", \"ecto.setup\"],\n      test: [\"ecto.create --quiet\", \"ecto.migrate\", \"test\", \"clean_clickhouse\"],\n      sentry_recompile: [\"compile\", \"deps.compile sentry --force\"]\n    ]",
      "content": {
        "ecto.setup": "ecto.setup",
        "ecto.migrate": "ecto.migrate",
        "runpriv/repo/seeds.exs": "runpriv/repo/seeds.exs",
        "ecto.reset": "ecto.drop",
        "test": "test",
        "clean_clickhouse": "clean_clickhouse",
        "sentry_recompile": "compile",
        "deps.compilesentry--force": "deps.compilesentry--force"
      },
      "isPrivate": true
    },
    "docs": {
      "rawContent": "[\n      main: \"readme\",\n      logo: \"assets/static/images/icon/plausible_favicon.png\",\n      extras:\n        Path.wildcard(\"guides/**/*.md\") ++\n          [\n            \"README.md\": [filename: \"readme\", title: \"Introduction\"]\n          ],\n      groups_for_extras: [\n        Features: Path.wildcard(\"guides/features/*.md\")\n      ]\n    ]",
      "content": {
        "main": "readme",
        "logo": "assets/static/images/icon/plausible_favicon.png",
        "extras": "Path.wildcard(guides/**/*.md)++README.md:filename:readme",
        "title": "Introduction",
        "groups_for_extras": "Features:Path.wildcard(guides/features/*.md)"
      },
      "isPrivate": true
    }
  }
}